Step =      0: nodes = 23875, dt = 0.000000e+00, time = 0.000000e+00, elapsed = 0.5 sec
Writing configuration in legacy data format
 Output file: /work/home/cjy306/openDIS/inital_dislocation_structures/relax_glide_seed12345/config.0.data
Writing restart file
 Restart file: /work/home/cjy306/openDIS/inital_dislocation_structures/relax_glide_seed12345/restart.0.exadis
Run for 20000 steps
Step =      1: nodes = 26191, dt = 2.500000e-11, time = 2.500000e-11, elapsed = 885.5 sec
Step =      2: nodes = 26152, dt = 1.250000e-11, time = 3.750000e-11, elapsed = 1187.7 sec
Step =      3: nodes = 25731, dt = 1.250000e-11, time = 5.000000e-11, elapsed = 1387.7 sec
Step =      4: nodes = 24568, dt = 1.500000e-11, time = 6.500000e-11, elapsed = 1601.5 sec
Step =      5: nodes = 21281, dt = 1.800000e-11, time = 8.300000e-11, elapsed = 1835.0 sec
Step =      6: nodes = 16445, dt = 1.080000e-11, time = 9.380000e-11, elapsed = 2042.8 sec
Step =      7: nodes = 11285, dt = 1.080000e-11, time = 1.046000e-10, elapsed = 2168.2 sec
Step =      8: nodes = 7204, dt = 1.296000e-11, time = 1.175600e-10, elapsed = 2257.2 sec
Step =      9: nodes = 4097, dt = 1.555200e-11, time = 1.331120e-10, elapsed = 2328.7 sec
Step =     10: nodes = 2634, dt = 9.331200e-12, time = 1.424432e-10, elapsed = 2361.1 sec
Step =     11: nodes = 1737, dt = 9.331200e-12, time = 1.517744e-10, elapsed = 2380.2 sec
Step =     12: nodes = 1158, dt = 1.119744e-11, time = 1.629718e-10, elapsed = 2396.2 sec
Step =     13: nodes = 699, dt = 1.343693e-11, time = 1.764088e-10, elapsed = 2410.7 sec
Step =     14: nodes = 377, dt = 1.612431e-11, time = 1.925331e-10, elapsed = 2424.3 sec
Step =     15: nodes = 176, dt = 1.934918e-11, time = 2.118823e-10, elapsed = 2436.9 sec
Step =     16: nodes = 87, dt = 2.321901e-11, time = 2.351013e-10, elapsed = 2445.8 sec
Step =     17: nodes = 52, dt = 2.786281e-11, time = 2.629641e-10, elapsed = 2453.1 sec
Step =     18: nodes = 23, dt = 1.671769e-11, time = 2.796818e-10, elapsed = 2457.7 sec
Step =     19: nodes = 15, dt = 1.671769e-11, time = 2.963995e-10, elapsed = 2461.0 sec
Step =     20: nodes = 15, dt = 2.006123e-11, time = 3.164607e-10, elapsed = 2463.9 sec
Step =     21: nodes = 15, dt = 2.407347e-11, time = 3.405342e-10, elapsed = 2466.8 sec
Step =     22: nodes = 15, dt = 2.888817e-11, time = 3.694223e-10, elapsed = 2470.0 sec
Step =     23: nodes = 15, dt = 3.466580e-11, time = 4.040881e-10, elapsed = 2473.4 sec
Step =     24: nodes = 15, dt = 4.159896e-11, time = 4.456871e-10, elapsed = 2476.9 sec
Step =     25: nodes = 15, dt = 4.991875e-11, time = 4.956058e-10, elapsed = 2481.0 sec
Step =     26: nodes = 14, dt = 5.990250e-11, time = 5.555083e-10, elapsed = 2485.6 sec
Step =     27: nodes = 15, dt = 7.188300e-11, time = 6.273913e-10, elapsed = 2490.2 sec
Step =     28: nodes = 15, dt = 8.625960e-11, time = 7.136509e-10, elapsed = 2495.7 sec
Step =     29: nodes = 15, dt = 1.035115e-10, time = 8.171624e-10, elapsed = 2502.5 sec
Step =     30: nodes = 15, dt = 1.242138e-10, time = 9.413763e-10, elapsed = 2509.9 sec
Step =     31: nodes = 14, dt = 1.490566e-10, time = 1.090433e-09, elapsed = 2518.7 sec
Step =     32: nodes = 15, dt = 1.788679e-10, time = 1.269301e-09, elapsed = 2527.1 sec
Step =     33: nodes = 15, dt = 2.146415e-10, time = 1.483942e-09, elapsed = 2536.9 sec
Step =     34: nodes = 15, dt = 2.575698e-10, time = 1.741512e-09, elapsed = 2550.2 sec
Step =     35: nodes = 14, dt = 3.090837e-10, time = 2.050596e-09, elapsed = 2565.6 sec
Step =     36: nodes = 15, dt = 3.709005e-10, time = 2.421496e-09, elapsed = 2581.4 sec
Step =     37: nodes = 14, dt = 4.450806e-10, time = 2.866577e-09, elapsed = 2604.6 sec
Step =     38: nodes = 15, dt = 5.340967e-10, time = 3.400674e-09, elapsed = 2626.6 sec
Step =     39: nodes = 14, dt = 6.409160e-10, time = 4.041590e-09, elapsed = 2662.7 sec
Step =     40: nodes = 15, dt = 7.690993e-10, time = 4.810689e-09, elapsed = 2692.9 sec
Step =     41: nodes = 15, dt = 9.229191e-10, time = 5.733608e-09, elapsed = 2741.1 sec
Step =     42: nodes = 14, dt = 1.107503e-09, time = 6.841111e-09, elapsed = 2790.4 sec
Step =     43: nodes = 14, dt = 1.329004e-09, time = 8.170114e-09, elapsed = 2850.0 sec
Step =     44: nodes = 15, dt = 1.594804e-09, time = 9.764919e-09, elapsed = 2901.5 sec
Step =     45: nodes = 14, dt = 1.913765e-09, time = 1.167868e-08, elapsed = 2996.8 sec
Step =     46: nodes = 15, dt = 2.296518e-09, time = 1.397520e-08, elapsed = 3074.7 sec
Step =     47: nodes = 15, dt = 1.377911e-09, time = 1.535311e-08, elapsed = 3150.1 sec
Step =     48: nodes = 14, dt = 1.377911e-09, time = 1.673102e-08, elapsed = 3205.6 sec
Step =     49: nodes = 14, dt = 1.653493e-09, time = 1.838452e-08, elapsed = 3266.6 sec
Step =     50: nodes = 15, dt = 1.984192e-09, time = 2.036871e-08, elapsed = 3342.4 sec
Step =     51: nodes = 15, dt = 1.190515e-09, time = 2.155922e-08, elapsed = 3410.5 sec
Step =     52: nodes = 15, dt = 5.952575e-10, time = 2.215448e-08, elapsed = 3436.7 sec
Step =     53: nodes = 14, dt = 5.952575e-10, time = 2.274974e-08, elapsed = 3467.6 sec
Step =     54: nodes = 15, dt = 7.143090e-10, time = 2.346405e-08, elapsed = 3491.6 sec
Step =     55: nodes = 14, dt = 8.571708e-10, time = 2.432122e-08, elapsed = 3535.5 sec
Step =     56: nodes = 15, dt = 1.028605e-09, time = 2.534982e-08, elapsed = 3576.1 sec
Step =     57: nodes = 14, dt = 6.171630e-10, time = 2.596699e-08, elapsed = 3605.3 sec
Step =     58: nodes = 15, dt = 6.171630e-10, time = 2.658415e-08, elapsed = 3632.0 sec
Step =     59: nodes = 14, dt = 7.405956e-10, time = 2.732474e-08, elapsed = 3665.1 sec
Step =     60: nodes = 15, dt = 8.887147e-10, time = 2.821346e-08, elapsed = 3699.2 sec
Step =     61: nodes = 14, dt = 1.066458e-09, time = 2.927992e-08, elapsed = 3759.3 sec
Step =     62: nodes = 15, dt = 1.279749e-09, time = 3.055967e-08, elapsed = 3809.9 sec
Step =     63: nodes = 15, dt = 7.678495e-10, time = 3.132752e-08, elapsed = 3851.7 sec
Step =     64: nodes = 14, dt = 7.678495e-10, time = 3.209536e-08, elapsed = 3888.8 sec
Step =     65: nodes = 15, dt = 9.214194e-10, time = 3.301678e-08, elapsed = 3915.0 sec
Step =     66: nodes = 14, dt = 1.105703e-09, time = 3.412249e-08, elapsed = 3970.7 sec
Step =     67: nodes = 15, dt = 6.634219e-10, time = 3.478591e-08, elapsed = 3997.2 sec
Step =     68: nodes = 15, dt = 6.634219e-10, time = 3.544933e-08, elapsed = 4033.6 sec
Step =     69: nodes = 14, dt = 7.961063e-10, time = 3.624544e-08, elapsed = 4071.7 sec
Step =     70: nodes = 15, dt = 9.553276e-10, time = 3.720076e-08, elapsed = 4108.1 sec
Step =     71: nodes = 14, dt = 5.731966e-10, time = 3.777396e-08, elapsed = 4140.6 sec
Step =     72: nodes = 15, dt = 5.731966e-10, time = 3.834716e-08, elapsed = 4163.7 sec
Step =     73: nodes = 14, dt = 6.878359e-10, time = 3.903499e-08, elapsed = 4200.9 sec
Step =     74: nodes = 16, dt = 8.254030e-10, time = 3.986040e-08, elapsed = 4229.5 sec
Step =     75: nodes = 14, dt = 4.952418e-10, time = 4.035564e-08, elapsed = 4260.5 sec
Step =     76: nodes = 15, dt = 4.952418e-10, time = 4.085088e-08, elapsed = 4279.9 sec
Step =     77: nodes = 14, dt = 5.942902e-10, time = 4.144517e-08, elapsed = 4311.8 sec
Step =     78: nodes = 15, dt = 7.131482e-10, time = 4.215832e-08, elapsed = 4336.1 sec
Step =     79: nodes = 14, dt = 8.557779e-10, time = 4.301410e-08, elapsed = 4377.9 sec
Step =     80: nodes = 15, dt = 1.026933e-09, time = 4.404103e-08, elapsed = 4417.3 sec
Step =     81: nodes = 14, dt = 1.232320e-09, time = 4.527335e-08, elapsed = 4474.7 sec
Step =     82: nodes = 15, dt = 1.478784e-09, time = 4.675213e-08, elapsed = 4532.4 sec
Step =     83: nodes = 14, dt = 8.872705e-10, time = 4.763941e-08, elapsed = 4583.5 sec
Step =     84: nodes = 16, dt = 8.872705e-10, time = 4.852668e-08, elapsed = 4614.5 sec
Step =     85: nodes = 15, dt = 1.064725e-09, time = 4.959140e-08, elapsed = 4666.7 sec
Step =     86: nodes = 14, dt = 6.388348e-10, time = 5.023024e-08, elapsed = 4699.8 sec
Step =     87: nodes = 14, dt = 6.388348e-10, time = 5.086907e-08, elapsed = 4721.4 sec
Step =     88: nodes = 13, dt = 7.666017e-10, time = 5.163567e-08, elapsed = 4758.1 sec
Step =     89: nodes = 15,